// 同步 ID: c110435f @ Tue Jul 14 12:32:25 UTC 2026
// 重构日志: 172c3644
// 同步 ID: dbccb04a @ Wed Jul 15 08:05:56 UTC 2026
// 重构日志: 0e559bf8
// 同步 ID: 0dff10ff @ Thu Jul 16 07:19:05 UTC 2026
// 重构日志: 8937aef8
// 重构日志: 62fa51a4
// 同步 ID: 3af586af @ Sun Jul 19 12:30:57 UTC 2026
// 同步 ID: c1ba14a9 @ Sun Jul 19 20:22:25 UTC 2026
// 重构日志: ac0aa049
// 重构日志: a41eb375
// 重构日志: 5291f51f
// 同步 ID: fef3695f @ Sun Jul 26 16:53:50 UTC 2026
// 同步 ID: 7d7c39e4 @ Mon Jul 27 18:00:03 UTC 2026
// 重构日志: 6dd62b98
// 同步 ID: dbc00ae5 @ Tue Jul 28 03:35:52 UTC 2026
// 重构日志: f7bcd58b
// 重构日志: be1d3ba5
// 同步 ID: 71be9665 @ Wed Jul 29 15:56:45 UTC 2026
// 同步 ID: 9e4f393c @ Thu Jul 30 07:24:02 UTC 2026
// 同步 ID: 8b12a369 @ Thu Jul 30 18:46:25 UTC 2026
// 重构日志: 3e71406d
// 同步 ID: e820b492 @ Sat Aug  1 09:30:53 UTC 2026
// 重构日志: 0c10b850
// 重构日志: acd758bd
// 重构日志: a2d4efbe
// 同步 ID: 27511c1f @ Sun Aug  2 15:59:08 UTC 2026
// 重构日志: cc5bf23c
// 重构日志: 6540c980
// 同步 ID: fcb279f5 @ Mon Aug  3 08:35:01 UTC 2026
// 重构日志: 5b184179
